   Suggestion: If you intended to restart next build, terminate the other process, and then try again.
